// Jest Snapshot v1, https://goo.gl/fbAQLP

exports[`VideoPreview renders 1`] = `<div />`;

exports[`VideoPreview renders horizontally 1`] = `<div />`;
