// Jest Snapshot v1, https://goo.gl/fbAQLP

exports[`SideBarFooter renders 1`] = `
<Fragment>
  <div
    className="footer-block"
  >
    <div>
      About Press Copyright
    </div>
    <div>
      Contact us  Creators
    </div>
    <div>
      Advertise Developers
    </div>
    <div>
      Legal
    </div>
  </div>
  <div
    className="footer-block"
  >
    <div>
      Terms Privacy Policy & Safety
    </div>
    <div>
      Test new features
    </div>
  </div>
  <div
    className="footer-block"
  >
    <div>
      Â© Productioncoder.com - A Youtube clone for educational purposes under fair use.
    </div>
  </div>
</Fragment>
`;
